2025-03-01T21:22:38.562+05:30  INFO 9904 --- [main] com.brainqy.api.YtmsApplication          : Starting YtmsApplication using Java 17.0.7 with PID 9904 (C:\Users\DELL\Projects\multi-tent\target\classes started by DELL in C:\Users\DELL\Projects\multi-tent)
2025-03-01T21:22:38.565+05:30  INFO 9904 --- [main] com.brainqy.api.YtmsApplication          : The following 1 profile is active: "dev"
2025-03-01T21:22:40.077+05:30  INFO 9904 --- [main] .s.d.r.c.RepositoryConfigurationDelegate : Bootstrapping Spring Data JPA repositories in DEFAULT mode.
2025-03-01T21:22:40.413+05:30  INFO 9904 --- [main] .s.d.r.c.RepositoryConfigurationDelegate : Finished Spring Data repository scanning in 324 ms. Found 16 JPA repository interfaces.
2025-03-01T21:22:41.440+05:30  INFO 9904 --- [main] o.s.b.w.embedded.tomcat.TomcatWebServer  : Tomcat initialized with port 8083 (http)
2025-03-01T21:22:41.458+05:30  INFO 9904 --- [main] o.apache.catalina.core.StandardService   : Starting service [Tomcat]
2025-03-01T21:22:41.458+05:30  INFO 9904 --- [main] o.apache.catalina.core.StandardEngine    : Starting Servlet engine: [Apache Tomcat/10.1.19]
2025-03-01T21:22:41.583+05:30  INFO 9904 --- [main] o.a.c.c.C.[Tomcat].[localhost].[/ytms]   : Initializing Spring embedded WebApplicationContext
2025-03-01T21:22:41.584+05:30  INFO 9904 --- [main] w.s.c.ServletWebServerApplicationContext : Root WebApplicationContext: initialization completed in 2684 ms
2025-03-01T21:22:41.820+05:30  INFO 9904 --- [main] o.hibernate.jpa.internal.util.LogHelper  : HHH000204: Processing PersistenceUnitInfo [name: default]
2025-03-01T21:22:41.889+05:30  INFO 9904 --- [main] org.hibernate.Version                    : HHH000412: Hibernate ORM core version 6.4.4.Final
2025-03-01T21:22:41.938+05:30  INFO 9904 --- [main] o.h.c.internal.RegionFactoryInitiator    : HHH000026: Second-level cache disabled
2025-03-01T21:22:42.257+05:30  INFO 9904 --- [main] o.s.o.j.p.SpringPersistenceUnitInfo      : No LoadTimeWeaver setup: ignoring JPA class transformer
2025-03-01T21:22:42.290+05:30  INFO 9904 --- [main] com.zaxxer.hikari.HikariDataSource       : HikariPool-1 - Starting...
2025-03-01T21:22:42.643+05:30  INFO 9904 --- [main] com.zaxxer.hikari.pool.HikariPool        : HikariPool-1 - Added connection com.mysql.cj.jdbc.ConnectionImpl@6669cba
2025-03-01T21:22:42.659+05:30  INFO 9904 --- [main] com.zaxxer.hikari.HikariDataSource       : HikariPool-1 - Start completed.
2025-03-01T21:22:44.633+05:30  INFO 9904 --- [main] o.h.e.t.j.p.i.JtaPlatformInitiator       : HHH000489: No JTA platform available (set 'hibernate.transaction.jta.platform' to enable JTA platform integration)
2025-03-01T21:22:44.858+05:30  INFO 9904 --- [main] j.LocalContainerEntityManagerFactoryBean : Initialized JPA EntityManagerFactory for persistence unit 'default'
2025-03-01T21:22:45.195+05:30  INFO 9904 --- [main] o.s.d.j.r.query.QueryEnhancerFactory     : Hibernate is in classpath; If applicable, HQL parser will be used.
2025-03-01T21:22:47.002+05:30  WARN 9904 --- [main] JpaBaseConfiguration$JpaWebConfiguration : spring.jpa.open-in-view is enabled by default. Therefore, database queries may be performed during view rendering. Explicitly configure spring.jpa.open-in-view to disable this warning
2025-03-01T21:22:47.318+05:30  INFO 9904 --- [main] o.s.s.web.DefaultSecurityFilterChain     : Will secure any request with [org.springframework.security.web.session.DisableEncodeUrlFilter@7cf311eb, org.springframework.security.web.context.request.async.WebAsyncManagerIntegrationFilter@ce1c5f3, org.springframework.security.web.context.SecurityContextHolderFilter@3a1c65ac, org.springframework.security.web.header.HeaderWriterFilter@371dc46e, org.springframework.web.filter.CorsFilter@4c949ff9, org.springframework.security.web.authentication.logout.LogoutFilter@3f64a088, com.brainqy.api.security.jwt.JwtAuthenticationFilter@8a607a9, org.springframework.security.web.savedrequest.RequestCacheAwareFilter@a9f4621, org.springframework.security.web.servletapi.SecurityContextHolderAwareRequestFilter@42a4e5cb, org.springframework.security.web.authentication.AnonymousAuthenticationFilter@73f3bf4f, org.springframework.security.web.session.SessionManagementFilter@2c992252, org.springframework.security.web.access.ExceptionTranslationFilter@1884db6f, org.springframework.security.web.access.intercept.AuthorizationFilter@eefc1bf]
2025-03-01T21:22:47.772+05:30  INFO 9904 --- [main] o.s.b.w.embedded.tomcat.TomcatWebServer  : Tomcat started on port 8083 (http) with context path '/ytms'
2025-03-01T21:22:47.792+05:30  INFO 9904 --- [main] com.brainqy.api.YtmsApplication          : Started YtmsApplication in 9.861 seconds (process running for 10.521)
2025-03-01T21:22:47.802+05:30  INFO 9904 --- [main] com.brainqy.api.YtmsApplication          : Application started...
2025-03-01T21:22:47.803+05:30  WARN 9904 --- [main] com.brainqy.api.YtmsApplication          : This is a warning.
2025-03-01T21:22:47.803+05:30 ERROR 9904 --- [main] com.brainqy.api.YtmsApplication          : An error occurred!
2025-03-01T21:31:26.199+05:30  INFO 9904 --- [SpringApplicationShutdownHook] j.LocalContainerEntityManagerFactoryBean : Closing JPA EntityManagerFactory for persistence unit 'default'
2025-03-01T21:31:26.202+05:30  INFO 9904 --- [SpringApplicationShutdownHook] com.zaxxer.hikari.HikariDataSource       : HikariPool-1 - Shutdown initiated...
2025-03-01T21:31:26.214+05:30  INFO 9904 --- [SpringApplicationShutdownHook] com.zaxxer.hikari.HikariDataSource       : HikariPool-1 - Shutdown completed.
2025-03-01T21:31:28.747+05:30  INFO 25612 --- [main] com.brainqy.api.YtmsApplication          : Starting YtmsApplication using Java 17.0.7 with PID 25612 (C:\Users\DELL\Projects\multi-tent\target\classes started by DELL in C:\Users\DELL\Projects\multi-tent)
2025-03-01T21:31:28.751+05:30  INFO 25612 --- [main] com.brainqy.api.YtmsApplication          : The following 1 profile is active: "dev"
2025-03-01T21:31:30.289+05:30  INFO 25612 --- [main] .s.d.r.c.RepositoryConfigurationDelegate : Bootstrapping Spring Data JPA repositories in DEFAULT mode.
2025-03-01T21:31:30.570+05:30  INFO 25612 --- [main] .s.d.r.c.RepositoryConfigurationDelegate : Finished Spring Data repository scanning in 266 ms. Found 16 JPA repository interfaces.
2025-03-01T21:31:31.537+05:30  INFO 25612 --- [main] o.s.b.w.embedded.tomcat.TomcatWebServer  : Tomcat initialized with port 8083 (http)
2025-03-01T21:31:31.552+05:30  INFO 25612 --- [main] o.apache.catalina.core.StandardService   : Starting service [Tomcat]
2025-03-01T21:31:31.553+05:30  INFO 25612 --- [main] o.apache.catalina.core.StandardEngine    : Starting Servlet engine: [Apache Tomcat/10.1.19]
2025-03-01T21:31:31.652+05:30  INFO 25612 --- [main] o.a.c.c.C.[Tomcat].[localhost].[/ytms]   : Initializing Spring embedded WebApplicationContext
2025-03-01T21:31:31.653+05:30  INFO 25612 --- [main] w.s.c.ServletWebServerApplicationContext : Root WebApplicationContext: initialization completed in 2531 ms
2025-03-01T21:31:31.887+05:30  INFO 25612 --- [main] o.hibernate.jpa.internal.util.LogHelper  : HHH000204: Processing PersistenceUnitInfo [name: default]
2025-03-01T21:31:31.993+05:30  INFO 25612 --- [main] org.hibernate.Version                    : HHH000412: Hibernate ORM core version 6.4.4.Final
2025-03-01T21:31:32.040+05:30  INFO 25612 --- [main] o.h.c.internal.RegionFactoryInitiator    : HHH000026: Second-level cache disabled
2025-03-01T21:31:32.373+05:30  INFO 25612 --- [main] o.s.o.j.p.SpringPersistenceUnitInfo      : No LoadTimeWeaver setup: ignoring JPA class transformer
2025-03-01T21:31:32.408+05:30  INFO 25612 --- [main] com.zaxxer.hikari.HikariDataSource       : HikariPool-1 - Starting...
2025-03-01T21:31:32.799+05:30  INFO 25612 --- [main] com.zaxxer.hikari.pool.HikariPool        : HikariPool-1 - Added connection com.mysql.cj.jdbc.ConnectionImpl@98712fa
2025-03-01T21:31:32.802+05:30  INFO 25612 --- [main] com.zaxxer.hikari.HikariDataSource       : HikariPool-1 - Start completed.
2025-03-01T21:31:34.690+05:30  INFO 25612 --- [main] o.h.e.t.j.p.i.JtaPlatformInitiator       : HHH000489: No JTA platform available (set 'hibernate.transaction.jta.platform' to enable JTA platform integration)
2025-03-01T21:31:34.909+05:30  INFO 25612 --- [main] j.LocalContainerEntityManagerFactoryBean : Initialized JPA EntityManagerFactory for persistence unit 'default'
2025-03-01T21:31:35.254+05:30  INFO 25612 --- [main] o.s.d.j.r.query.QueryEnhancerFactory     : Hibernate is in classpath; If applicable, HQL parser will be used.
2025-03-01T21:31:37.125+05:30  WARN 25612 --- [main] JpaBaseConfiguration$JpaWebConfiguration : spring.jpa.open-in-view is enabled by default. Therefore, database queries may be performed during view rendering. Explicitly configure spring.jpa.open-in-view to disable this warning
2025-03-01T21:31:37.419+05:30  INFO 25612 --- [main] o.s.s.web.DefaultSecurityFilterChain     : Will secure any request with [org.springframework.security.web.session.DisableEncodeUrlFilter@2992d955, org.springframework.security.web.context.request.async.WebAsyncManagerIntegrationFilter@7cf311eb, org.springframework.security.web.context.SecurityContextHolderFilter@2cfc81f8, org.springframework.security.web.header.HeaderWriterFilter@4da584e, org.springframework.web.filter.CorsFilter@ce1c5f3, org.springframework.security.web.authentication.logout.LogoutFilter@13f4149d, com.brainqy.api.security.jwt.JwtAuthenticationFilter@ab98032, org.springframework.security.web.savedrequest.RequestCacheAwareFilter@5ff24b0f, org.springframework.security.web.servletapi.SecurityContextHolderAwareRequestFilter@a9f4621, org.springframework.security.web.authentication.AnonymousAuthenticationFilter@4c949ff9, org.springframework.security.web.session.SessionManagementFilter@75cc775c, org.springframework.security.web.access.ExceptionTranslationFilter@69160a0c, org.springframework.security.web.access.intercept.AuthorizationFilter@fbb41e5]
2025-03-01T21:31:37.817+05:30  INFO 25612 --- [main] o.s.b.w.embedded.tomcat.TomcatWebServer  : Tomcat started on port 8083 (http) with context path '/ytms'
2025-03-01T21:31:37.833+05:30  INFO 25612 --- [main] com.brainqy.api.YtmsApplication          : Started YtmsApplication in 9.76 seconds (process running for 10.564)
2025-03-01T21:31:37.838+05:30  INFO 25612 --- [main] com.brainqy.api.YtmsApplication          : Application started...
2025-03-01T21:31:37.839+05:30  WARN 25612 --- [main] com.brainqy.api.YtmsApplication          : This is a warning.
2025-03-01T21:31:37.839+05:30 ERROR 25612 --- [main] com.brainqy.api.YtmsApplication          : An error occurred!
